I'm sorry, but errors were detected in your script. Please correct the
errors listed below, and try again.


File "game/script.rpy", line 57: keyword argument 'spacing' appears more than once in a vbox statement.
    spacing 40    
           ^

Ren'Py Version: Ren'Py 8.3.7.25031702
Tue Jan  6 21:59:44 2026
